// Jest Snapshot v1, https://goo.gl/fbAQLP

exports[`Home renders correctly 1`] = `
<div
  className="homeContainer dFlex"
>
  <h2
    className="fs175"
  >
     Welcome to our page 
  </h2>
  <p
    className="fs150"
  >
    Lorem ipsum dolor sit amet, consectetur adipiscing elit. Aenean placerat vel felis vestibulum bibendum. Duis laoreet dui in ex consectetur, vel sollicitudin velit cursus. Sed accumsan elit eu libero pellentesque pretium. Integer id lorem non dui commodo condimentum eget in lorem. Nulla eget elementum dolor. Donec tincidunt nibh lorem, id luctus elit volutpat et. Praesent non tortor posuere, accumsan lacus sit amet, vehicula lacus. Sed urna mauris, pretium quis lectus vel, pretium lobortis velit.
  </p>
  <p
    className="fs150"
  >
    Lorem ipsum dolor sit amet, consectetur adipiscing elit. Aenean placerat vel felis vestibulum bibendum. Duis laoreet dui in ex consectetur, vel sollicitudin velit cursus. Sed accumsan elit eu libero pellentesque pretium. Integer id lorem non dui commodo condimentum eget in lorem. Nulla eget elementum dolor. Donec tincidunt nibh lorem, id luctus elit volutpat et. Praesent non tortor posuere, accumsan lacus sit amet, vehicula lacus. Sed urna mauris, pretium quis lectus vel, pretium lobortis velit.
  </p>
</div>
`;
